// Jest Snapshot v1, https://goo.gl/fbAQLP

exports[`----- CatSelector ----- renders the UI as expected 1`] = `
<section
  className="section"
>
  <h2>
    Categories
  </h2>
  <div
    className="buttons"
  >
    <button
      id={null}
      onClick={[Function]}
    >
      Knives
    </button>
    <button
      id={null}
      onClick={[Function]}
    >
      Blenders
    </button>
    <button
      id={null}
      onClick={[Function]}
    >
      Toasters
    </button>
    <button
      onClick={[Function]}
    >
      All Categories
    </button>
  </div>
</section>
`;
