// Jest Snapshot v1, https://goo.gl/fbAQLP

exports[`----- ProductsBrowser ----- renders the UI as expected 1`] = `
<main>
  <header
    className="header"
  >
    <h1 />
  </header>
  <main
    className="browser_main"
  >
    <section
      className="section"
    >
      <h2>
        Categories
      </h2>
      <div
        className="buttons"
      >
        <button
          onClick={[Function]}
        >
          All Categories
        </button>
      </div>
    </section>
    <section
      className="section"
    />
    <a
      aria-current={null}
      className="float"
      href="/compare"
      onClick={[Function]}
    >
      <p
        className="click"
      >
        Click to
      </p>
      <p
        className="compare"
      >
        Compare
      </p>
      <p
        className="count"
      >
        11
        /4
      </p>
    </a>
  </main>
</main>
`;
